// Jest Snapshot v1, https://goo.gl/fbAQLP

exports[`should return a Problem if the response is application/problem+json 1`] = `[Error: Request failed with status code 500: Internal Server Error]`;

exports[`should return a Problem if the response is application/problem+json 2`] = `[Error: Request failed with status code 405: Invalid action invocation]`;

exports[`should return a Problem if the response is application/problem+json 3`] = `[Error: Request failed with status code 400: Swap not supported The requested combination of ledgers and assets is not supported.]`;
